// Jest Snapshot v1, https://goo.gl/fbAQLP

exports[`BirthInput render test renders correctly BirthInput 1`] = `
<div
  className="register__small-input-container"
>
  <label
    className="register__label register__label--small"
  >
    Data de nascimento
  </label>
  <input
    className="sc-gsTCUz iyuuZk register__input--small"
    maxLength={10}
    name="birth"
    onChange={[Function]}
    placeholder="DD/MM/AAAA"
    style={
      Object {
        "border": "1px solid #e6e6e6",
        "color": "#333333",
      }
    }
    width="148px"
  />
</div>
`;
